// Jest Snapshot v1, https://goo.gl/fbAQLP

exports[`Body should render daily forecast 1`] = `
<View
  style={
    Object {
      "alignItems": "center",
      "justifyContent": "center",
    }
  }
>
  <ActivityIndicator
    animating={true}
    color="#999999"
    hidesWhenStopped={true}
    size="large"
  />
  <Text
    accessible={true}
    allowFontScaling={true}
    ellipsizeMode="tail"
  >
    Loading Weather Forecast ..
  </Text>
</View>
`;
