// Jest Snapshot v1, https://goo.gl/fbAQLP

exports[`HomeScreenLocation should render location info 1`] = `
<View>
  <Text
    accessible={true}
    allowFontScaling={true}
    ellipsizeMode="tail"
    style={
      Object {
        "fontSize": 30,
      }
    }
  >
    Jakarta, Indonesia
  </Text>
  <Text
    accessible={true}
    allowFontScaling={true}
    ellipsizeMode="tail"
  >
    Lat: 
    -6.1761468
  </Text>
  <Text
    accessible={true}
    allowFontScaling={true}
    ellipsizeMode="tail"
  >
    Long: 
    106.8724156
  </Text>
</View>
`;
